---
source: tests/test_deser.rs
expression: v
---
Dict(
    [
        (
            Imm(
                String(
                    "PUBSUB",
                ),
            ),
            Dict(
                [
                    (
                        Imm(
                            String(
                                "summary",
                            ),
                        ),
                        Imm(
                            String(
                                "A container for Pub/Sub commands.",
                            ),
                        ),
                    ),
                    (
                        Imm(
                            String(
                                "complexity",
                            ),
                        ),
                        Imm(
                            String(
                                "Depends on subcommand.",
                            ),
                        ),
                    ),
                    (
                        Imm(
                            String(
                                "group",
                            ),
                        ),
                        Imm(
                            String(
                                "pubsub",
                            ),
                        ),
                    ),
                    (
                        Imm(
                            String(
                                "since",
                            ),
                        ),
                        Imm(
                            String(
                                "2.8.0",
                            ),
                        ),
                    ),
                    (
                        Imm(
                            String(
                                "arity",
                            ),
                        ),
                        Imm(
                            Int64(
                                -2,
                            ),
                        ),
                    ),
                ],
            ),
        ),
    ],
)
